*   2c9d0e9 Otro cambio?
|\  
| * 6d16ab7 Agregando ítems
* | b39782d Agregando ítems
|/  
* fd6fe5b Estoy reseteando el archivo index.html
* c67c6ce Agregando dos elementos
* fa0475e Reseteando
* a9e3094 Agregando elementos
* 5b79402 Reseteado
* 28015bb Agregando dos elementos
* 17c3916 Agregando elementos
* 0f23e56 Resetenado
* 4dd5a93 Eliminando cuatro archivos
*   0ac30b3 Este es un cambio que se hizo para la asñdlmasñdl
|\  
| * 369a91b Agregando las estaciones del año
* | 51120ad Modificando en estaciones con fecha
|/  
* e0f191f Probando con la Prueba 1
*   6209610 Resolviendo conflictos
|\  
| * c2b5d8b Agregando index.js al index.html
* | c4e3e5b Añadiendo style.css a index.html
* |   ffc075d Merge branch 'js' into otro_main
|\ \  
| * | 70b355c Insertando js
* | |   11f8efc Merge branch 'css' into otro_main
|\ \ \  
| * | | e2c7ad0 Nuevo estilo css agregando
* | | |   6112266 Merge branch 'html' into otro_main
|\ \ \ \  
| | |_|/  
| |/| |   
| * | | b7a9ee0 Cambiando html
| |/ /  
| * / 125e878 Creando un html
| |/  
* | 2bdb0aa Cambioooooooo
* | 263e6c5 un archivo mas
* | 2e8addf Cambio en el index php
* | 8aa8467 A ver que pasa con esto
|/  
* 3259352 Cambiando
* 228a02a AAAAAAAAAAAAAAAAAAAAAAAAA
* aeb4c3d A ver si guarda 1111
* b8a9825 Mensaje de fecha
* 5116935 Creando licencia del cambio
* bd042ee Comentario de prueba Otro comentario de prueba
* 0fcdd6f A veeeeeeeerrrrrrrrrrrr
* ed72d90 Una línea mas para ejemplificar
* a12e16d Agregando mas contenido al README
* 622f589 Agregando contenido al README
* 4be08ec Primer commit
